
> badminton-manager-tests@1.0.0 test:integration
> cross-env NODE_ENV=test jest --config jest.integration.config.js --detectOpenHandles --forceExit --runInBand __tests__/integration_test/centerRoute.integration.test.js

Nháº­p bcrypt trong adminServices.js táº¡i: 2025-05-25T18:51:10.814Z {
  setRandomFallback: [Function: setRandomFallback],
  genSaltSync: [Function: genSaltSync],
  genSalt: [Function: genSalt],
  hashSync: [Function: hashSync],
  hash: [Function: hash],
  compareSync: [Function: compareSync],
  compare: [Function: compare],
  getRounds: [Function: getRounds],
  getSalt: [Function: getSalt],
  truncates: [Function: truncates],
  encodeBase64: [Function: encodeBase64],
  decodeBase64: [Function: decodeBase64]
}
Server Express Ä‘Ă£ Ä‘Æ°á»£c khá»Ÿi táº¡o nhÆ°ng khĂ´ng láº¯ng nghe cá»•ng trong mĂ´i trÆ°á»ng TEST.
--- Global Setup ---
MongoDB: ÄĂ£ cáº¥u hĂ¬nh (bufferCommands: false, autoIndex: false).
âœ… MongoDB local káº¿t ná»‘i thĂ nh cĂ´ng!
Test: Server cháº¡y trĂªn cá»•ng 5000
  console.log
    MongoDB: ÄĂ£ cáº¥u hĂ¬nh (bufferCommands: false, autoIndex: false).

      at Object.log [as connect] (__tests__/test-utils/db.js:16:13)

  console.log
    âœ… MongoDB local káº¿t ná»‘i thĂ nh cĂ´ng!

      at Object.log [as connect] (__tests__/test-utils/db.js:26:13)

  console.log
    MongoDB: ÄĂ£ xĂ³a dá»¯ liá»‡u táº¥t cáº£ collection.

      at Object.log [as clearDatabase] (__tests__/test-utils/db.js:60:11)

đŸ” Nháº­n request láº¥y sĂ¢n cho centerId: 683366aacebe7bf1d06bc077
  console.log
    MongoDB: ÄĂ£ xĂ³a dá»¯ liá»‡u táº¥t cáº£ collection.

      at Object.log [as clearDatabase] (__tests__/test-utils/db.js:60:11)

  console.log
    MongoDB: ÄĂ£ xĂ³a dá»¯ liá»‡u táº¥t cáº£ collection.

      at Object.log [as clearDatabase] (__tests__/test-utils/db.js:60:11)

  console.log
    MongoDB: ÄĂ£ xĂ³a dá»¯ liá»‡u táº¥t cáº£ collection.

      at Object.log [as clearDatabase] (__tests__/test-utils/db.js:60:11)

  console.log
    MongoDB: ÄĂ£ xĂ³a dá»¯ liá»‡u táº¥t cáº£ collection.

      at Object.log [as clearDatabase] (__tests__/test-utils/db.js:60:11)

  console.log
    MongoDB: ÄĂ£ xĂ³a dá»¯ liá»‡u táº¥t cáº£ collection.

      at Object.log [as clearDatabase] (__tests__/test-utils/db.js:60:11)

  console.log
    MongoDB: ÄĂ£ xĂ³a dá»¯ liá»‡u táº¥t cáº£ collection.

      at Object.log [as clearDatabase] (__tests__/test-utils/db.js:60:11)

  console.log
    MongoDB: ÄĂ£ xĂ³a dá»¯ liá»‡u táº¥t cáº£ collection.

      at Object.log [as clearDatabase] (__tests__/test-utils/db.js:60:11)

  console.log
    MongoDB: ÄĂ£ xĂ³a dá»¯ liá»‡u táº¥t cáº£ collection.

      at Object.log [as clearDatabase] (__tests__/test-utils/db.js:60:11)

